Command: /home/matit/esp/idf-tools/python_env/idf5.5_py3.12_env/bin/python /home/matit/esp/idf/esp-idf/tools/idf_monitor.py -p /dev/ttyUSB0 -b 115200 --toolchain-prefix xtensa-esp32-elf- --target esp32 --revision 0 /home/matit/esp/projects/Ejercicio_4/build/Ejercicio_4.elf /home/matit/esp/projects/Ejercicio_4/build/bootloader/bootloader.elf -m '/home/matit/esp/idf-tools/python_env/idf5.5_py3.12_env/bin/python' '/home/matit/esp/idf/esp-idf/tools/idf.py' '-p' '/dev/ttyUSB0'
ets Jun  8 2016 00ÔøΩets Jun  8 2016 00:22:57

rst:0x1 (POWERON_RESET),boot:0x13 (SPI_FAST_FLASH_BOOT)
configsip: 0, SPIWP:0xee
clk_drv:0x00,q_drv:0x00,d_drv:0x00,cs0_drv:0x00,hd_drv:0x00,wp_drv:0x00
mode:DIO, clock div:2
load:0x3fff0030,len:6364
ho 0 tail 12 room 4
load:0x40078000,len:15880
ho 0 tail 12 room 4
load:0x40080400,len:3860
entry 0x40080638
[0;32mI (30) boot: ESP-IDF v5.5-dev-2715-ga45d713b03-dirty 2nd stage bootloader[0m
[0;32mI (30) boot: compile time Apr 17 2025 09:17:48[0m
[0;32mI (30) boot: Multicore bootloader[0m
[0;32mI (34) boot: chip revision: v1.1[0m
[0;32mI (37) boot.esp32: SPI Speed      : 40MHz[0m
[0;32mI (40) boot.esp32: SPI Mode       : DIO[0m
[0;32mI (44) boot.esp32: SPI Flash Size : 2MB[0m
[0;32mI (47) boot: Enabling RNG early entropy source...[0m
[0;32mI (52) boot: Partition Table:[0m
[0;32mI (54) boot: ## Label            Usage          Type ST Offset   Length[0m
[0;32mI (61) boot:  0 nvs              WiFi data        01 02 00009000 00006000[0m
[0;32mI (67) boot:  1 phy_init         RF data          01 01 0000f000 00001000[0m
[0;32mI (74) boot:  2 factory          factory app      00 00 00010000 00100000[0m
[0;32mI (80) boot: End of partition table[0m
[0;32mI (84) esp_image: segment 0: paddr=00010020 vaddr=3f400020 size=098c0h ( 39104) map[0m
[0;32mI (105) esp_image: segment 1: paddr=000198e8 vaddr=3ff80000 size=0001ch (    28) load[0m
[0;32mI (105) esp_image: segment 2: paddr=0001990c vaddr=3ffb0000 size=02398h (  9112) load[0m
[0;32mI (112) esp_image: segment 3: paddr=0001bcac vaddr=40080000 size=0436ch ( 17260) load[0m
[0;32mI (123) esp_image: segment 4: paddr=00020020 vaddr=400d0020 size=13594h ( 79252) map[0m
[0;32mI (151) esp_image: segment 5: paddr=000335bc vaddr=4008436c size=089a4h ( 35236) load[0m
[0;32mI (165) esp_image: segment 6: paddr=0003bf68 vaddr=50000000 size=000a4h (   164) load[0m
[0;32mI (171) boot: Loaded app from partition at offset 0x10000[0m
[0;32mI (171) boot: Disabling RNG early entropy source...[0m
[0;32mI (183) cpu_start: Multicore app[0m
[0;32mI (191) cpu_start: Pro cpu start user code[0m
[0;32mI (191) cpu_start: cpu freq: 160000000 Hz[0m
[0;32mI (191) app_init: Application information:[0m
[0;32mI (191) app_init: Project name:     Ejercicio_4[0m
[0;32mI (195) app_init: App version:      1[0m
[0;32mI (199) app_init: Compile time:     Apr 17 2025 09:17:19[0m
[0;32mI (204) app_init: ELF file SHA256:  f1c0ae73e...[0m
[0;32mI (208) app_init: ESP-IDF:          v5.5-dev-2715-ga45d713b03-dirty[0m
[0;32mI (214) efuse_init: Min chip rev:     v0.0[0m
[0;32mI (218) efuse_init: Max chip rev:     v3.99 [0m
[0;32mI (222) efuse_init: Chip rev:         v1.1[0m
[0;32mI (226) heap_init: Initializing. RAM available for dynamic allocation:[0m
[0;32mI (232) heap_init: At 3FFAE6E0 len 00001920 (6 KiB): DRAM[0m
[0;32mI (237) heap_init: At 3FFB2C60 len 0002D3A0 (180 KiB): DRAM[0m
[0;32mI (242) heap_init: At 3FFE0440 len 00003AE0 (14 KiB): D/IRAM[0m
[0;32mI (248) heap_init: At 3FFE4350 len 0001BCB0 (111 KiB): D/IRAM[0m
[0;32mI (253) heap_init: At 4008CD10 len 000132F0 (76 KiB): IRAM[0m
[0;32mI (260) spi_flash: detected chip: generic[0m
[0;32mI (262) spi_flash: flash io: dio[0m
[0;33mW (265) spi_flash: Detected size(4096k) larger than the size in the binary image header(2048k). Using the size in the binary image header.[0m
[0;32mI (278) main_task: Started on CPU0[0m
[0;32mI (288) main_task: Calling app_main()[0m
[1;31mE (288) MEMORIAS: Error al asignar memoria din√°mica.[0m

abort() was called at PC 0x400d6c24 on core 0


Backtrace: 0x4008180d:0x3ffb3e70 0x400853bd:0x3ffb3e90 0x4008b0f5:0x3ffb3eb0 0x400d6c24:0x3ffb3f20 0x400e2f19:0x3ffb3f50 0x40085bb1:0x3ffb3f80




ELF file SHA256: f1c0ae73e

Rebooting...
ets Jun  8 2016 00:22:57

rst:0xc (SW_CPU_RESET),boot:0x13 (SPI_FAST_FLASH_BOOT)
configsip: 0, SPIWP:0xee
clk_drv:0x00,q_drv:0x00,d_drv:0x00,cs0_drv:0x00,hd_drv:0x00,wp_drv:0x00
mode:DIO, clock div:2
load:0x3fff0030,len:6364
ho 0 tail 12 room 4
load:0x40078000,len:15880
ho 0 tail 12 room 4
load:0x40080400,len:3860
entry 0x40080638
[0;32mI (30) boot: ESP-IDF v5.5-dev-2715-ga45d713b03-dirty 2nd stage bootloader[0m
[0;32mI (31) boot: compile time Apr 17 2025 09:17:48[0m
[0;32mI (31) boot: Multicore bootloader[0m
[0;32mI (34) boot: chip revision: v1.1[0m
[0;32mI (37) boot.esp32: SPI Speed      : 40MHz[0m
[0;32mI (41) boot.esp32: SPI Mode       : DIO[0m
[0;32mI (44) boot.esp32: SPI Flash Size : 2MB[0m
[0;32mI (48) boot: Enabling RNG early entropy source...[0m
[0;32mI (52) boot: Partition Table:[0m
[0;32mI (55) boot: ## Label            Usage          Type ST Offset   Length[0m
[0;32mI (61) boot:  0 nvs              WiFi data        01 02 00009000 00006000[0m
[0;32mI (68) boot:  1 phy_init         RF data          01 01 0000f000 00001000[0m
[0;32mI (74) boot:  2 factory          factory app      00 00 00010000 00100000[0m
[0;32mI (81) boot: End of partition table[0m
[0;32mI (84) esp_image: segment 0: paddr=00010020 vaddr=3f400020 size=098c0h ( 39104) map[0m
[0;32mI (105) esp_image: segment 1: paddr=000198e8 vaddr=3ff80000 size=0001ch (    28) load[0m
[0;32mI (105) esp_image: segment 2: paddr=0001990c vaddr=3ffb0000 size=02398h (  9112) load[0m
[0;32mI (112) esp_image: segment 3: paddr=0001bcac vaddr=40080000 size=0436ch ( 17260) load[0m
[0;32mI (123) esp_image: segment 4: paddr=00020020 vaddr=400d0020 size=13594h ( 79252) map[0m
[0;32mI (151) esp_image: segment 5: paddr=000335bc vaddr=4008436c size=089a4h ( 35236) load[0m
[0;32mI (165) esp_image: segment 6: paddr=0003bf68 vaddr=50000000 size=000a4h (   164) load[0m
[0;32mI (172) boot: Loaded app from partition at offset 0x10000[0m
[0;32mI (172) boot: Disabling RNG early entropy source...[0m
[0;32mI (183) cpu_start: Multicore app[0m
[0;32mI (192) cpu_start: Pro cpu start user code[0m
[0;32mI (192) cpu_start: cpu freq: 160000000 Hz[0m
[0;32mI (192) app_init: Application information:[0m
[0;32mI (192) app_init: Project name:     Ejercicio_4[0m
[0;32mI (196) app_init: App version:      1[0m
[0;32mI (199) app_init: Compile time:     Apr 17 2025 09:17:19[0m
[0;32mI (204) app_init: ELF file SHA256:  f1c0ae73e...[0m
[0;32mI (209) app_init: ESP-IDF:          v5.5-dev-2715-ga45d713b03-dirty[0m
[0;32mI (215) efuse_init: Min chip rev:     v0.0[0m
[0;32mI (219) efuse_init: Max chip rev:     v3.99 [0m
[0;32mI (223) efuse_init: Chip rev:         v1.1[0m
[0;32mI (227) heap_init: Initializing. RAM available for dynamic allocation:[0m
[0;32mI (233) heap_init: At 3FFAE6E0 len 00001920 (6 KiB): DRAM[0m
[0;32mI (238) heap_init: At 3FFB2C60 len 0002D3A0 (180 KiB): DRAM[0m
[0;32mI (243) heap_init: At 3FFE0440 len 00003AE0 (14 KiB): D/IRAM[0m
[0;32mI (248) heap_init: At 3FFE4350 len 0001BCB0 (111 KiB): D/IRAM[0m
[0;32mI (254) heap_init: At 4008CD10 len 000132F0 (76 KiB): IRAM[0m
[0;32mI (261) spi_flash: detected chip: generic[0m
[0;32mI (263) spi_flash: flash io: dio[0m
[0;33mW (266) spi_flash: Detected size(4096k) larger than the size in the binary image header(2048k). Using the size in the binary image header.[0m
[0;32mI (279) main_task: Started on CPU0[0m
[0;32mI (289) main_task: Calling app_main()[0m
[1;31mE (289) MEMORIAS: Error al asignar memoria din√°mica.[0m

abort() was called at PC 0x400d6c24 on core 0


Backtrace: 0x4008180d:0x3ffb3e70 0x400853bd:0x3ffb3e90 0x4008b0f5:0x3ffb3eb0 0x400d6c24:0x3ffb3f20 0x400e2f19:0x3ffb3f50 0x40085bb1:0x3ffb3f80




ELF file SHA256: f1c0ae73e

Rebooting...
ets Jun  8 2016 00:22:57

rst:0xc (SW_CPU_RESET),boot:0x13 (SPI_FAST_FLASH_BOOT)
configsip: 0, SPIWP:0xee
clk_drv:0x00,q_drv:0x00,d_drv:0x00,cs0_drv:0x00,hd_drv:0x00,wp_drv:0x00
mode:DIO, clock div:2
load:0x3fff0030,len:6364
ho 0 tail 12 room 4
load:0x40078000,len:15880
ho 0 tail 12 room 4
load:0x40080400,len:3860
entry 0x40080638
[0;32mI (30) boot: ESP-IDF v5.5-dev-2715-ga45d713b03-dirty 2nd stage bootloader[0m
[0;32mI (31) boot: compile time Apr 17 2025 09:17:48[0m
[0;32mI (31) boot: Multicore bootloader[0m
[0;32mI (34) boot: chip revision: v1.1[0m
[0;32mI (37) boot.esp32: SPI Speed      : 40MHz[0m
[0;32mI (41) boot.esp32: SPI Mode       : DIO[0m
[0;32mI (44) boot.esp32: SPI Flash Size : 2MB[0m
[0;32mI (48) boot: Enabling RNG early entropy source...[0m
[0;32mI (52) boot: Partition Table:[0m
[0;32mI (55) boot: ## Label            Usage          Type ST Offset   Length[0m
[0;32mI (61) boot:  0 nvs              WiFi data        01 02 00009000 00006000[0m
[0;32mI (68) boot:  1 phy_init         RF data          01 01 0000f000 00001000[0m
[0;32mI (74) boot:  2 factory          factory app      00 00 00010000 00100000[0m
[0;32mI (81) boot: End of partition table[0m
[0;32mI (84) esp_image: segment 0: paddr=00010020 vaddr=3f400020 size=098c0h ( 39104) map[0m
[0;32mI (105) esp_image: segment 1: paddr=000198e8 vaddr=3ff80000 size=0001ch (    28) load[0m
[0;32mI (105) esp_image: segment 2: paddr=0001990c vaddr=3ffb0000 size=02398h (  9112) load[0m
[0;32mI (112) esp_image: segment 3: paddr=0001bcac vaddr=40080000 size=0436ch ( 17260) load[0m
[0;32mI (123) esp_image: segment 4: paddr=00020020 vaddr=400d0020 size=13594h ( 79252) map[0m
[0;32mI (151) esp_image: segment 5: paddr=000335bc vaddr=4008436c size=089a4h ( 35236) load[0m
[0;32mI (165) esp_image: segment 6: paddr=0003bf68 vaddr=50000000 size=000a4h (   164) load[0m
[0;32mI (172) boot: Loaded app from partition at offset 0x10000[0m
[0;32mI (172) boot: Disabling RNG early entropy source...[0m
[0;32mI (183) cpu_start: Multicore app[0m
[0;32mI (192) cpu_start: Pro cpu start user code[0m
[0;32mI (192) cpu_start: cpu freq: 160000000 Hz[0m
[0;32mI (192) app_init: Application information:[0m
[0;32mI (192) app_init: Project name:     Ejercicio_4[0m
[0;32mI (196) app_init: App version:      1[0m
[0;32mI (199) app_init: Compile time:     Apr 17 2025 09:17:19[0m
[0;32mI (204) app_init: ELF file SHA256:  f1c0ae73e...[0m
[0;32mI (209) app_init: ESP-IDF:          v5.5-dev-2715-ga45d713b03-dirty[0m
[0;32mI (215) efuse_init: Min chip rev:     v0.0[0m
[0;32mI (219) efuse_init: Max chip rev:     v3.99 [0m
[0;32mI (223) efuse_init: Chip rev:         v1.1[0m
[0;32mI (227) heap_init: Initializing. RAM available for dynamic allocation:[0m
[0;32mI (233) heap_init: At 3FFAE6E0 len 00001920 (6 KiB): DRAM[0m
[0;32mI (238) heap_init: At 3FFB2C60 len 0002D3A0 (180 KiB): DRAM[0m
[0;32mI (243) heap_init: At 3FFE0440 len 00003AE0 (14 KiB): D/IRAM[0m
[0;32mI (248) heap_init: At 3FFE4350 len 0001BCB0 (111 KiB): D/IRAM[0m
[0;32mI (254) heap_init: At 4008CD10 len 000132F0 (76 KiB): IRAM[0m
[0;32mI (261) spi_flash: detected chip: generic[0m
[0;32mI (263) spi_flash: flash io: dio[0m
[0;33mW (266) spi_flash: Detected size(4096k) larger than the size in the binary image header(2048k). Using the size in the binary image header.[0m
[0;32mI (279) main_task: Started on CPU0[0m
[0;32mI (289) main_task: Calling app_main()[0m
[1;31mE (289) MEMORIAS: Error al asignar memoria din√°mica.[0m

abort() was called at PC 0x400d6c24 on core 0


Backtrace: 0x4008180d:0x3ffb3e70 0x400853bd:0x3ffb3e90 0x4008b0f5:0x3ffb3eb0 0x400d6c24:0x3ffb3f20 0x400e2f19:0x3ffb3f50 0x40085bb1:0x3ffb3f80




ELF file SHA256: f1c0ae73e

Rebooting...
ets Jun  8 2016 00:22:57

rst:0xc (SW_CPU_RESET),boot:0x13 (SPI_FAST_FLASH_BOOT)
configsip: 0, SPIWP:0xee
clk_drv:0x00,q_drv:0x00,d_drv:0x00,cs0_drv:0x00,hd_drv:0x00,wp_drv:0x00
mode:DIO, clock div:2
load:0x3fff0030,len:6364
ho 0 tail 12 room 4
load:0x40078000,len:15880
ho 0 tail 12 room 4
load:0x40080400,len:3860
entry 0x40080638
[0;32mI (30) boot: ESP-IDF v5.5-dev-2715-ga45d713b03-dirty 2nd stage bootloader[0m
