Command: /home/matit/esp/idf-tools/python_env/idf5.5_py3.12_env/bin/python /home/matit/esp/idf/esp-idf/tools/idf_monitor.py -p /dev/ttyUSB0 -b 115200 --toolchain-prefix xtensa-esp32-elf- --target esp32 --revision 0 /home/matit/esp/projects/Ejercicio_4/build/Ejercicio_4.elf /home/matit/esp/projects/Ejercicio_4/build/bootloader/bootloader.elf -m '/home/matit/esp/idf-tools/python_env/idf5.5_py3.12_env/bin/python' '/home/matit/esp/idf/esp-idf/tools/idf.py' '-p' '/dev/ttyUSB0'
ets Jun  8 2016 00:22:5ï¿½ets Jun  8 2016 00:22:57

rst:0x1 (POWERON_RESET),boot:0x13 (SPI_FAST_FLASH_BOOT)
configsip: 0, SPIWP:0xee
clk_drv:0x00,q_drv:0x00,d_drv:0x00,cs0_drv:0x00,hd_drv:0x00,wp_drv:0x00
mode:DIO, clock div:2
load:0x3fff0030,len:6364
ho 0 tail 12 room 4
load:0x40078000,len:15880
ho 0 tail 12 room 4
load:0x40080400,len:3860
entry 0x40080638
[0;32mI (30) boot: ESP-IDF v5.5-dev-2715-ga45d713b03-dirty 2nd stage bootloader[0m
[0;32mI (30) boot: compile time Apr 17 2025 09:17:48[0m
[0;32mI (30) boot: Multicore bootloader[0m
[0;32mI (34) boot: chip revision: v1.1[0m
[0;32mI (37) boot.esp32: SPI Speed      : 40MHz[0m
[0;32mI (40) boot.esp32: SPI Mode       : DIO[0m
[0;32mI (44) boot.esp32: SPI Flash Size : 2MB[0m
[0;32mI (47) boot: Enabling RNG early entropy source...[0m
[0;32mI (52) boot: Partition Table:[0m
[0;32mI (55) boot: ## Label            Usage          Type ST Offset   Length[0m
[0;32mI (61) boot:  0 nvs              WiFi data        01 02 00009000 00006000[0m
[0;32mI (67) boot:  1 phy_init         RF data          01 01 0000f000 00001000[0m
[0;32mI (74) boot:  2 factory          factory app      00 00 00010000 00100000[0m
[0;32mI (80) boot: End of partition table[0m
[0;32mI (84) esp_image: segment 0: paddr=00010020 vaddr=3f400020 size=09850h ( 38992) map[0m
[0;32mI (105) esp_image: segment 1: paddr=00019878 vaddr=3ff80000 size=0001ch (    28) load[0m
[0;32mI (105) esp_image: segment 2: paddr=0001989c vaddr=3ffb0000 size=02398h (  9112) load[0m
[0;32mI (112) esp_image: segment 3: paddr=0001bc3c vaddr=40080000 size=043dch ( 17372) load[0m
[0;32mI (123) esp_image: segment 4: paddr=00020020 vaddr=400d0020 size=13528h ( 79144) map[0m
[0;32mI (151) esp_image: segment 5: paddr=00033550 vaddr=400843dc size=08934h ( 35124) load[0m
[0;32mI (164) esp_image: segment 6: paddr=0003be8c vaddr=50000000 size=000a4h (   164) load[0m
[0;32mI (171) boot: Loaded app from partition at offset 0x10000[0m
[0;32mI (171) boot: Disabling RNG early entropy source...[0m
[0;32mI (183) cpu_start: Multicore app[0m
[0;32mI (191) cpu_start: Pro cpu start user code[0m
[0;32mI (191) cpu_start: cpu freq: 160000000 Hz[0m
[0;32mI (191) app_init: Application information:[0m
[0;32mI (191) app_init: Project name:     Ejercicio_4[0m
[0;32mI (195) app_init: App version:      1[0m
[0;32mI (199) app_init: Compile time:     Apr 17 2025 09:17:19[0m
[0;32mI (204) app_init: ELF file SHA256:  a7e03c035...[0m
[0;32mI (208) app_init: ESP-IDF:          v5.5-dev-2715-ga45d713b03-dirty[0m
[0;32mI (214) efuse_init: Min chip rev:     v0.0[0m
[0;32mI (218) efuse_init: Max chip rev:     v3.99 [0m
[0;32mI (222) efuse_init: Chip rev:         v1.1[0m
[0;32mI (226) heap_init: Initializing. RAM available for dynamic allocation:[0m
[0;32mI (232) heap_init: At 3FFAE6E0 len 00001920 (6 KiB): DRAM[0m
[0;32mI (237) heap_init: At 3FFB2C70 len 0002D390 (180 KiB): DRAM[0m
[0;32mI (242) heap_init: At 3FFE0440 len 00003AE0 (14 KiB): D/IRAM[0m
[0;32mI (248) heap_init: At 3FFE4350 len 0001BCB0 (111 KiB): D/IRAM[0m
[0;32mI (253) heap_init: At 4008CD10 len 000132F0 (76 KiB): IRAM[0m
[0;32mI (260) spi_flash: detected chip: generic[0m
[0;32mI (262) spi_flash: flash io: dio[0m
[0;33mW (265) spi_flash: Detected size(4096k) larger than the size in the binary image header(2048k). Using the size in the binary image header.[0m
[0;32mI (278) main_task: Started on CPU0[0m
[0;32mI (288) main_task: Calling app_main()[0m
Guru Meditation Error: Core  0 panic'ed (StoreProhibited). Exception was unhandled.

Core  0 register dump:
PC      : 0x400d6bdf  PS      : 0x00060130  A0      : 0x800e2eb0  A1      : 0x3ffb3f40  
A2      : 0x00000003  A3      : 0x3f402340  A4      : 0x3f4023b4  A5      : 0x00000120  
A6      : 0x3f402340  A7      : 0x3ffb3f60  A8      : 0x00000001  A9      : 0x00000000  
A10     : 0x00000000  A11     : 0x00000400  A12     : 0x3ffb3f20  A13     : 0x0000000c  
A14     : 0x00000000  A15     : 0x00000050  SAR     : 0x0000001f  EXCCAUSE: 0x0000001d  
EXCVADDR: 0x00000000  LBEG    : 0x400014fd  LEND    : 0x4000150d  LCOUNT  : 0xfffffffd  


Backtrace: 0x400d6bdc:0x3ffb3f40 0x400e2ead:0x3ffb3f60 0x40085bb1:0x3ffb3f90




ELF file SHA256: a7e03c035

Rebooting...
ets Jun  8 2016 00:22:57

rst:0xc (SW_CPU_RESET),boot:0x13 (SPI_FAST_FLASH_BOOT)
configsip: 0, SPIWP:0xee
clk_drv:0x00,q_drv:0x00,d_drv:0x00,cs0_drv:0x00,hd_drv:0x00,wp_drv:0x00
mode:DIO, clock div:2
load:0x3fff0030,len:6364
ho 0 tail 12 room 4
load:0x40078000,len:15880
ho 0 tail 12 room 4
load:0x40080400,len:3860
entry 0x40080638
[0;32mI (30) boot: ESP-IDF v5.5-dev-2715-ga45d713b03-dirty 2nd stage bootloader[0m
[0;32mI (31) boot: compile time Apr 17 2025 09:17:48[0m
[0;32mI (31) boot: Multicore bootloader[0m
[0;32mI (34) boot: chip revision: v1.1[0m
[0;32mI (37) boot.esp32: SPI Speed      : 40MHz[0m
[0;32mI (41) boot.esp32: SPI Mode       : DIO[0m
[0;32mI (44) boot.esp32: SPI Flash Size : 2MB[0m
[0;32mI (48) boot: Enabling RNG early entropy source...[0m
[0;32mI (52) boot: Partition Table:[0m
[0;32mI (55) boot: ## Label            Usage          Type ST Offset   Length[0m
[0;32mI (61) boot:  0 nvs              WiFi data        01 02 00009000 00006000[0m
[0;32mI (68) boot:  1 phy_init         RF data          01 01 0000f000 00001000[0m
[0;32mI (74) boot:  2 factory          factory app      00 00 00010000 00100000[0m
[0;32mI (81) boot: End of partition table[0m
[0;32mI (84) esp_image: segment 0: paddr=00010020 vaddr=3f400020 size=09850h ( 38992) map[0m
[0;32mI (105) esp_image: segment 1: paddr=00019878 vaddr=3ff80000 size=0001ch (    28) load[0m
[0;32mI (105) esp_image: segment 2: paddr=0001989c vaddr=3ffb0000 size=02398h (  9112) load[0m
[0;32mI (112) esp_image: segment 3: paddr=0001bc3c vaddr=40080000 size=043dch ( 17372) load[0m
[0;32mI (123) esp_image: segment 4: paddr=00020020 vaddr=400d0020 size=13528h ( 79144) map[0m
[0;32mI (151) esp_image: segment 5: paddr=00033550 vaddr=400843dc size=08934h ( 35124) load[0m
[0;32mI (165) esp_image: segment 6: paddr=0003be8c vaddr=50000000 size=000a4h (   164) load[0m
[0;32mI (172) boot: Loaded app from partition at offset 0x10000[0m
[0;32mI (172) boot: Disabling RNG early entropy source...[0m
[0;32mI (183) cpu_start: Multicore app[0m
[0;32mI (192) cpu_start: Pro cpu start user code[0m
[0;32mI (192) cpu_start: cpu freq: 160000000 Hz[0m
[0;32mI (192) app_init: Application information:[0m
[0;32mI (192) app_init: Project name:     Ejercicio_4[0m
[0;32mI (196) app_init: App version:      1[0m
[0;32mI (199) app_init: Compile time:     Apr 17 2025 09:17:19[0m
[0;32mI (204) app_init: ELF file SHA256:  a7e03c035...[0m
[0;32mI (209) app_init: ESP-IDF:          v5.5-dev-2715-ga45d713b03-dirty[0m
[0;32mI (215) efuse_init: Min chip rev:     v0.0[0m
[0;32mI (218) efuse_init: Max chip rev:     v3.99 [0m
[0;32mI (222) efuse_init: Chip rev:         v1.1[0m
[0;32mI (227) heap_init: Initializing. RAM available for dynamic allocation:[0m
[0;32mI (233) heap_init: At 3FFAE6E0 len 00001920 (6 KiB): DRAM[0m
[0;32mI (238) heap_init: At 3FFB2C70 len 0002D390 (180 KiB): DRAM[0m
[0;32mI (243) heap_init: At 3FFE0440 len 00003AE0 (14 KiB): D/IRAM[0m
[0;32mI (248) heap_init: At 3FFE4350 len 0001BCB0 (111 KiB): D/IRAM[0m
[0;32mI (254) heap_init: At 4008CD10 len 000132F0 (76 KiB): IRAM[0m
[0;32mI (261) spi_flash: detected chip: generic[0m
[0;32mI (263) spi_flash: flash io: dio[0m
[0;33mW (266) spi_flash: Detected size(4096k) larger than the size in the binary image header(2048k). Using the size in the binary image header.[0m
[0;32mI (279) main_task: Started on CPU0[0m
[0;32mI (289) main_task: Calling app_main()[0m
Guru Meditation Error: Core  0 panic'ed (StoreProhibited). Exception was unhandled.

Core  0 register dump:
PC      : 0x400d6bdf  PS      : 0x00060130  A0      : 0x800e2eb0  A1      : 0x3ffb3f40  
A2      : 0x00000003  A3      : 0x3f402340  A4      : 0x3f4023b4  A5      : 0x00000121  
A6      : 0x3f402340  A7      : 0x3ffb3f60  A8      : 0x00000001  A9      : 0x00000000  
A10     : 0x00000000  A11     : 0x00000400  A12     : 0x3ffb3f20  A13     : 0x0000000c  
A14     : 0x00000000  A15     : 0x00000050  SAR     : 0x0000001f  EXCCAUSE: 0x0000001d  
EXCVADDR: 0x00000000  LBEG    : 0x400014fd  LEND    : 0x4000150d  LCOUNT  : 0xfffffffd  


Backtrace: 0x400d6bdc:0x3ffb3f40 0x400e2ead:0x3ffb3f60 0x40085bb1:0x3ffb3f90




ELF file SHA256: a7e03c035

Rebooting...
ets Jun  8 2016 00:22:57

rst:0xc (SW_CPU_RESET),boot:0x13 (SPI_FAST_FLASH_BOOT)
configsip: 0, SPIWP:0xee
clk_drv:0x00,q_drv:0x00,d_drv:0x00,cs0_drv:0x00,hd_drv:0x00,wp_drv:0x00
mode:DIO, clock div:2
load:0x3fff0030,len:6364
ho 0 tail 12 room 4
load:0x40078000,len:15880
ho 0 tail 12 room 4
load:0x40080400,len:3860
entry 0x40080638
[0;32mI (30) boot: ESP-IDF v5.5-dev-2715-ga45d713b03-dirty 2nd stage bootloader[0m
[0;32mI (31) boot: compile time Apr 17 2025 09:17:48[0m
[0;32mI (31) boot: Multicore bootloader[0m
[0;32mI (34) boot: chip revision: v1.1[0m
[0;32mI (37) boot.esp32: SPI Speed      : 40MHz[0m
[0;32mI (41) boot.esp32: SPI Mode       : DIO[0m
[0;32mI (44) boot.esp32: SPI Flash Size : 2MB[0m
[0;32mI (48) boot: Enabling RNG early entropy source...[0m
[0;32mI (52) boot: Partition Table:[0m
[0;32mI (55) boot: ## Label            Usage          Type ST Offset   Length[0m
[0;32mI (61) boot:  0 nvs              WiFi data        01 02 00009000 00006000[0m
[0;32mI (68) boot:  1 phy_init         RF data          01 01 0000f000 00001000[0m
[0;32mI (74) boot:  2 factory          factory app      00 00 00010000 00100000[0m
[0;32mI (81) boot: End of partition table[0m
[0;32mI (84) esp_image: segment 0: paddr=00010020 vaddr=3f400020 size=09850h ( 38992) map[0m
[0;32mI (105) esp_image: segment 1: paddr=00019878 vaddr=3ff80000 size=0001ch (    28) load[0m
[0;32mI (105) esp_image: segment 2: paddr=0001989c vaddr=3ffb0000 size=02398h (  9112) load[0m
[0;32mI (112) esp_image: segment 3: paddr=0001bc3c vaddr=40080000 size=043dch ( 17372) load[0m
[0;32mI (123) esp_image: segment 4: paddr=00020020 vaddr=400d0020 size=13528h ( 79144) map[0m
[0;32mI (151) esp_image: segment 5: paddr=00033550 vaddr=400843dc size=08934h ( 35124) load[0m
[0;32mI (165) esp_image: segment 6: paddr=0003be8c vaddr=50000000 size=000a4h (   164) load[0m
[0;32mI (172) boot: Loaded app from partition at offset 0x10000[0m
[0;32mI (172) boot: Disabling RNG early entropy source...[0m
[0;32mI (183) cpu_start: Multicore app[0m
[0;32mI (192) cpu_start: Pro cpu start user code[0m
[0;32mI (192) cpu_start: cpu freq: 160000000 Hz[0m
[0;32mI (192) app_init: Application information:[0m
[0;32mI (192) app_init: Project name:     Ejercicio_4[0m
[0;32mI (196) app_init: App version:      1[0m
[0;32mI (199) app_init: Compile time:     Apr 17 2025 09:17:19[0m
[0;32mI (204) app_init: ELF file SHA256:  a7e03c035...[0m
[0;32mI (209) app_init: ESP-IDF:          v5.5-dev-2715-ga45d713b03-dirty[0m
[0;32mI (215) efuse_init: Min chip rev:     v0.0[0m
[0;32mI (218) efuse_init: Max chip rev:     v3.99 [0m
[0;32mI (222) efuse_init: Chip rev:         v1.1[0m
[0;32mI (227) heap_init: Initializing. RAM available for dynamic allocation:[0m
[0;32mI (233) heap_init: At 3FFAE6E0 len 00001920 (6 KiB): DRAM[0m
[0;32mI (238) heap_init: At 3FFB2C70 len 0002D390 (180 KiB): DRAM[0m
[0;32mI (243) heap_init: At 3FFE0440 len 00003AE0 (14 KiB): D/IRAM[0m
[0;32mI (248) heap_init: At 3FFE4350 len 0001BCB0 (111 KiB): D/IRAM[0m
[0;32mI (254) heap_init: At 4008CD10 len 000132F0 (76 KiB): IRAM[0m
[0;32mI (261) spi_flash: detected chip: generic[0m
[0;32mI (263) spi_flash: flash io: dio[0m
[0;33mW (266) spi_flash: Detected size(4096k) larger than the size in the binary image header(2048k). Using the size in the binary image header.[0m
[0;32mI (279) main_task: Started on CPU0[0m
[0;32mI (289) main_task: Calling app_main()[0m
Guru Meditation Error: Core  0 panic'ed (StoreProhibited). Exception was unhandled.

Core  0 register dump:
PC      : 0x400d6bdf  PS      : 0x00060130  A0      : 0x800e2eb0  A1      : 0x3ffb3f40  
A2      : 0x00000003  A3      : 0x3f402340  A4      : 0x3f4023b4  A5      : 0x00000121  
A6      : 0x3f402340  A7      : 0x3ffb3f60  A8      : 0x00000001  A9      : 0x00000000  
A10     : 0x00000000  A11     : 0x00000400  A12     : 0x3ffb3f20  A13     : 0x0000000c  
A14     : 0x00000000  A15     : 0x00000050  SAR     : 0x0000001f  EXCCAUSE: 0x0000001d  
EXCVADDR: 0x00000000  LBEG    : 0x400014fd  LEND    : 0x4000150d  LCOUNT  : 0xfffffffd  


Backtrace: 0x400d6bdc:0x3ffb3f40 0x400e2ead:0x3ffb3f60 0x40085bb1:0x3ffb3f90




ELF file SHA256: a7e03c035

Rebooting...
ets Jun  8 2016 00:22:57

rst:0xc (SW_CPU_RESET),boot:0x13 (SPI_FAST_FLASH_BOOT)
configsip: 0, SPIWP:0xee
clk_drv:0x00,q_drv:0x00,d_drv:0x00,cs0_drv:0x00,hd_drv:0x00,wp_drv:0x00
mode:DIO, clock div:2
load:0x3fff0030,len:6364
ho 0 tail 12 room 4
load:0x40078000,len:15880
ho 0 tail 12 room 4
load:0x40080400,len:3860
entry 0x40080638
[0;32mI (30) boot: ESP-IDF v5.5-dev-2715-ga45d713b03-dirty 2nd stage bootloader[0m
[0;32mI (31) boot: compile time Apr 17 2025 09:17:48[0m
[0;32mI (31) boot: Multicore bootloader[0m
[0;32mI (34) boot: chip revision: v1.1[0m
[0;32mI (37) boot.esp32: SPI Speed      : 40MHz[0m
[0;32mI (41) boot.esp32: SPI Mode       : DIO[0m
[0;32mI (44) boot.esp32: SPI Flash Size : 2MB[0m
[0;32mI (48) boot: Enabling RNG early entropy source...[0m
[0;32mI (52) boot: Partition Table:[0m
[0;32mI (55) boot: ## Label            Usage          Type ST Offset   Length[0m
[0;32mI (61) boot:  0 nvs              WiFi data        01 02 00009000 00006000[0m
[0;32mI (68) boot:  1 phy_init         RF data          01 01 0000f000 00001000[0m
[0;32mI (74) boot:  2 factory          factory app      00 00 00010000 00100000[0m
[0;32mI (81) boot: End of partition table[0m
[0;32mI (84) esp_image: segment 0: paddr=00010020 vaddr=3f400020 size=09850h ( 38992) map[0m
[0;32mI (105) esp_image: segment 1: paddr=00019878 vaddr=3ff80000 size=0001ch (    28) load[0m
[0;32mI (105) esp_image: segment 2: paddr=0001989c vaddr=3ffb0000 size=02398h (  9112) load[0m
[0;32mI (112) esp_image: segment 3: paddr=0001bc3c vaddr=40080000 size=043dch ( 17372) load[0m
[0;32mI (123) esp_image: segment 4: paddr=00020020 vaddr=400d0020 size=13528h ( 79144) map[0m
[0;32mI (151) esp_image: segment 5: paddr=00033550 vaddr=400843dc size=08934h ( 35124) load[0m
[0;32mI (165) esp_image: segment 6: paddr=0003be8c vaddr=50000000 size=000a4h (   164) load[0m
[0;32mI (172) boot: Loaded app from partition at offset 0x10000[0m
[0;32mI (172) boot: Disabling RNG early entropy source...[0m
[0;32mI (183) cpu_start: Multicore app[0m
[0;32mI (192) cpu_start: Pro cpu start user code[0m
[0;32mI (192) cpu_start: cpu freq: 160000000 Hz[0m
[0;32mI (192) app_init: Application information:[0m
[0;32mI (192) app_init: Project name:     Ejercicio_4[0m
[0;32mI (196) app_init: App version:      1[0m
[0;32mI (199) app_init: Compile time:     Apr 17 2025 09:17:19[0m
[0;32mI (204) app_init: ELF file SHA256:  a7e03c035...[0m
[0;32mI (209) app_init: ESP-IDF:          v5.5-dev-2715-ga45d713b03-dirty[0m
[0;32mI (215) efuse_init: Min chip rev:     v0.0[0m
[0;32mI (218) efuse_init: Max chip rev:     v3.99 [0m
[0;32mI (222) efuse_init: Chip rev:         v1.1[0m
[0;32mI (227) heap_init: Initializing. RAM available for dynamic allocation:[0m
[0;32mI (233) heap_init: At 3FFAE6E0 len 00001920 (6 KiB): DRAM[0m
[0;32mI (238) heap_init: At 3FFB2C70 len 0002D390 (180 KiB): DRAM[0m
[0;32mI (243) heap_init: At 3FFE0440 len 00003AE0 (14 KiB): D/IRAM[0m
[0;32mI (248) heap_init: At 3FFE4350 len 0001BCB0 (111 KiB): D/IRAM[0m
[0;32mI (254) heap_init: At 4008CD10 len 000132F0 (76 KiB): IRAM[0m
[0;32mI (261) spi_flash: detected chip: generic[0m
[0;32mI (263) spi_flash: flash io: dio[0m
[0;33mW (266) spi_flash: Detected size(4096k) larger than the size in the binary image header(2048k). Using the size in the binary image header.[0m
[0;32mI (279) main_task: Started on CPU0[0m
[0;32mI (289) main_task: Calling app_main()[0m
Guru Meditation Error: Core  0 panic'ed (StoreProhibited). Exception was unhandled.

Core  0 register dump:
PC      : 0x400d6bdf  PS      : 0x00060130  A0      : 0x800e2eb0  A1      : 0x3ffb3f40  
A2      : 0x00000003  A3      : 0x3f402340  A4      : 0x3f4023b4  A5      : 0x00000121  
A6      : 0x3f402340  A7      : 0x3ffb3f60  A8      : 0x00000001  A9      : 0x00000000  
A10     : 0x00000000  A11     : 0x00000400  A12     : 0x3ffb3f20  A13     : 0x0000000c  
A14     : 0x00000000  A15     : 0x00000050  SAR     : 0x0000001f  EXCCAUSE: 0x0000001d  
EXCVADDR: 0x00000000  LBEG    : 0x400014fd  LEND    : 0x4000150d  LCOUNT  : 0xfffffffd  


Backtrace: 0x400d6bdc:0x3ffb3f40 0x400e2ead:0x3ffb3f60 0x40085bb1:0x3ffb3f90




ELF file SHA256: a7e03c035

Rebooting...
ets Jun  8 2016 00:22:57

rst:0xc (SW_CPU_RESET),boot:0x13 (SPI_FAST_FLASH_BOOT)
configsip: 0, SPIWP:0xee
clk_drv:0x00,q_drv:0x00,d_drv:0x00,cs0_drv:0x00,hd_drv:0x00,wp_drv:0x00
mode:DIO, clock div:2
load:0x3fff0030,len:6364
ho 0 tail 12 room 4
load:0x40078000,len:15880
ho 0 tail 12 room 4
load:0x40080400,len:3860
entry 0x40080638
[0;32mI (30) boot: ESP-IDF v5.5-dev-2715-ga45d713b03-dirty 2nd stage bootloader[0m
[0;32mI (31) boot: compile time Apr 17 2025 09:17:48[0m
[0;32mI (31) boot: Multicore bootloader[0m
[0;32mI (34) boot: chip revision: v1.1[0m
[0;32mI (37) boot.esp32: SPI Speed      : 40MHz[0m
[0;32mI (41) boot.esp32: SPI Mode       : DIO[0m
[0;32mI (44) boot.esp32: SPI Flash Size : 2MB[0m
[0;32mI (48) boot: Enabling RNG early entropy source...[0m
[0;32mI (52) boot: Partition Table:[0m
[0;32mI (55) boot: ## Label            Usage          Type ST Offset   Length[0m
[0;32mI (61) boot:  0 nvs              WiFi data        01 02 00009000 00006000[0m
[0;32mI (68) boot:  1 phy_init         RF data          01 01 0000f000 00001000[0m
[0;32mI (74) boot:  2 factory          factory app      00 00 00010000 00100000[0m
[0;32mI (81) boot: End of partition table[0m
[0;32mI (84) esp_image: segment 0: paddr=00010020 vaddr=3f400020 size=09850h ( 38992) map[0m
[0;32mI (105) esp_image: segment 1: paddr=00019878 vaddr=3ff80000 size=0001ch (    28) load[0m
[0;32mI (105) esp_image: segment 2: paddr=0001989c vaddr=3ffb0000 size=02398h (  9112) load[0m
[0;32mI (112) esp_image: segment 3: paddr=0001bc3c vaddr=40080000 size=043dch ( 17372) load[0m
[0;32mI (123) esp_image: segment 4: paddr=00020020 vaddr=400d0020 size=13528h ( 79144) map[0m
[0;32mI (151) esp_image: segment 5: paddr=00033550 vaddr=400843dc size=08934h ( 35124) load[0m
[0;32mI (165) esp_image: segment 6: paddr=0003be8c vaddr=50000000 size=000a4h (   164) load[0m
[0;32mI (172) boot: Loaded app from partition at offset 0x10000[0m
[0;32mI (172) boot: Disabling RNG early entropy source...[0m
[0;32mI (183) cpu_start: Multicore app[0m
[0;32mI (192) cpu_start: Pro cpu start user code[0m
[0;32mI (192) cpu_start: cpu freq: 160000000 Hz[0m
[0;32mI (192) app_init: Application information:[0m
[0;32mI (192) app_init: Project name:     Ejercicio_4[0m
[0;32mI (196) app_init: App version:      1[0m
[0;32mI (199) app_init: Compile time:     Apr 17 2025 09:17:19[0m
[0;32mI (204) app_init: ELF file SHA256:  a7e03c035...[0m
[0;32mI (209) app_init: ESP-IDF:          v5.5-dev-2715-ga45d713b03-dirty[0m
[0;32mI (215) efuse_init: Min chip rev:     v0.0[0m
[0;32mI (218) efuse_init: Max chip rev:     v3.99 [0m
[0;32mI (222) efuse_init: Chip rev:         v1.1[0m
[0;32mI (227) heap_init: Initializing. RAM available for dynamic allocation:[0m
[0;32mI (233) heap_init: At 3FFAE6E0 len 00001920 (6 KiB): DRAM[0m
[0;32mI (238) heap_init: At 3FFB2C70 len 0002D390 (180 KiB): DRAM[0m
[0;32mI (243) heap_init: At 3FFE0440 len 00003AE0 (14 KiB): D/IRAM[0m
[0;32mI (248) heap_init: At 3FFE4350 len 0001BCB0 (111 KiB): D/IRAM[0m
[0;32mI (254) heap_init: At 4008CD10 len 000132F0 (76 KiB): IRAM[0m
[0;32mI (261) spi_flash: detected chip: generic[0m
[0;32mI (263) spi_flash: flash io: dio[0m
[0;33mW (266) spi_flash: Detected size(4096k) larger than the size in the binary image header(2048k). Using the size in the binary image header.[0m
[0;32mI (279) main_task: Started on CPU0[0m
[0;32mI (289) main_task: Calling app_main()[0m
Guru Meditation Error: Core  0 panic'ed (StoreProhibited). Exception was unhandled.

Core  0 register dump:
PC      : 0x400d6bdf  PS      : 0x00060130  A0      : 0x800e2eb0  A1      : 0x3ffb3f40  
A2      : 0x00000003  A3      : 0x3f402340  A4      : 0x3f4023b4  A5      : 0x00000121  
A6      : 0x3f402340  A7      : 0x3ffb3f60  A8      : 0x00000001  A9      : 0x00000000  
A10     : 0x00000000  A11     : 0x00000400  A12     : 0x3ffb3f20  A13     : 0x0000000c  
A14     : 0x00000000  A15     : 0x00000050  SAR     : 0x0000001f  EXCCAUSE: 0x0000001d  
EXCVADDR: 0x00000000  LBEG    : 0x400014fd  LEND    : 0x4000150d  LCOUNT  : 0xfffffffd  


Backtrace: 0x400d6bdc:0x3ffb3f40 0x400e2ead:0x3ffb3f60 0x40085bb1:0x3ffb3f90




ELF file SHA256: a7e03c035

Rebooting...
ets Jun  8 2016 00:22:57

rst:0xc (SW_CPU_RESET),boot:0x13 (SPI_FAST_FLASH_BOOT)
configsip: 0, SPIWP:0xee
clk_drv:0x00,q_drv:0x00,d_drv:0x00,cs0_drv:0x00,hd_drv:0x00,wp_drv:0x00
mode:DIO, clock div:2
load:0x3fff0030,len:6364
ho 0 tail 12 room 4
load:0x40078000,len:15880
ho 0 tail 12 room 4
load:0x40080400,len:3860
entry 0x40080638
[0;32mI (30) boot: ESP-IDF v5.5-dev-2715-ga45d713b03-dirty 2nd stage bootloader[0m
[0;32mI (31) boot: compile time Apr 17 2025 09:17:48[0m
[0;32mI (31) boot: Multicore bootloader[0m
[0;32mI (34) boot: chip revision: v1.1[0m
[0;32mI (37) boot.esp32: SPI Speed      : 40MHz[0m
[0;32mI (41) boot.esp32: SPI Mode       : DIO[0m
[0;32mI (44) boot.esp32: SPI Flash Size : 2MB[0m
[0;32mI (48) boot: Enabling RNG early entropy source...[0m
[0;32mI (52) boot: Partition Table:[0m
[0;32mI (55) boot: ## Label            Usage          Type ST Offset   Length[0m
[0;32mI (61) boot:  0 nvs              WiFi data        01 02 00009000 00006000[0m
[0;32mI (68) boot:  1 phy_init         RF data          01 01 0000f000 00001000[0m
[0;32mI (74) boot:  2 factory          factory app      00 00 00010000 00100000[0m
[0;32mI (81) boot: End of partition table[0m
[0;32mI (84) esp_image: segment 0: paddr=00010020 vaddr=3f400020 size=09850h ( 38992) map[0m
[0;32mI (105) esp_image: segment 1: paddr=00019878 vaddr=3ff80000 size=0001ch (    28) load[0m
[0;32mI (105) esp_image: segment 2: paddr=0001989c vaddr=3ffb0000 size=02398h (  9112) load[0m
[0;32mI (112) esp_image: segment 3: paddr=0001bc3c vaddr=40080000 size=043dch ( 17372) load[0m
[0;32mI (123) esp_image: segment 4: paddr=00020020 vaddr=400d0020 size=13528h ( 79144) map[0m
[0;32mI (151) esp_image: segment 5: paddr=00033550 vaddr=400843dc size=08934h ( 35124) load[0m
[0;32mI (165) esp_image: segment 6: paddr=0003be8c vaddr=50000000 size=000a4h (   164) load[0m
[0;32mI (172) boot: Loaded app from partition at offset 0x10000[0m
[0;32mI (172) boot: Disabling RNG early entropy source...[0m
[0;32mI (183) cpu_start: Multicore app[0m
[0;32mI (192) cpu_start: Pro cpu start user code[0m
[0;32mI (192) cpu_start: cpu freq: 160000000 Hz[0m
[0;32mI (192) app_init: Application information:[0m
[0;32mI (192) app_init: Project name:     Ejercicio_4[0m
[0;32mI (196) app_init: App version:      1[0m
[0;32mI (199) app_init: Compile time:     Apr 17 2025 09:17:19[0m
[0;32mI (204) app_init: ELF file SHA256:  a7e03c035...[0m
[0;32mI (209) app_init: ESP-IDF:          v5.5-dev-2715-ga45d713b03-dirty[0m
[0;32mI (215) efuse_init: Min chip rev:     v0.0[0m
[0;32mI (218) efuse_init: Max chip rev:     v3.99 [0m
[0;32mI (222) efuse_init: Chip rev:         v1.1[0m
[0;32mI (227) heap_init: Initializing. RAM available for dynamic allocation:[0m
[0;32mI (233) heap_init: At 3FFAE6E0 len 00001920 (6 KiB): DRAM[0m
[0;32mI (238) heap_init: At 3FFB2C70 len 0002D390 (180 KiB): DRAM[0m
[0;32mI (243) heap_init: At 3FFE0440 len 00003AE0 (14 KiB): D/IRAM[0m
[0;32mI (248) heap_init: At 3FFE4350 len 0001BCB0 (111 KiB): D/IRAM[0m
[0;32mI (254) heap_init: At 4008CD10 len 000132F0 (76 KiB): IRAM[0m
[0;32mI (261) spi_flash: detected chip: generic[0m
[0;32mI (263) spi_flash: flash io: dio[0m
[0;33mW (266) spi_flash: Detected size(4096k) larger than the size in the binary image header(2048k). Using the size in the binary image header.[0m
[0;32mI (279) main_task: Started on CPU0[0m
[0;32mI (289) main_task: Calling app_main()[0m
Guru Meditation Error: Core  0 panic'ed (StoreProhibited). Exception was unhandled.

Core  0 register dump:
PC      : 0x400d6bdf  PS      : 0x00060130  A0      : 0x800e2eb0  A1      : 0x3ffb3f40  
A2      : 0x00000003  A3      : 0x3f402340  A4      : 0x3f4023b4  A5      : 0x00000121  
A6      : 0x3f402340  A7      : 0x3ffb3f60  A8      : 0x00000001  A9      : 0x00000000  
A10     : 0x00000000  A11     : 0x00000400  A12     : 0x3ffb3f20  A13     : 0x0000000c  
A14     : 0x00000000  A15     : 0x00000050  SAR     : 0x0000001f  EXCCAUSE: 0x0000001d  
EXCVADDR: 0x00000000  LBEG    : 0x400014fd  LEND    : 0x4000150d  LCOUNT  : 0xfffffffd  


Backtrace: 0x400d6bdc:0x3ffb3f40 0x400e2ead:0x3ffb3f60 0x40085bb1:0x3ffb3f90




ELF file SHA256: a7e03c035

Rebooting...
ets Jun  8 2016 00:22:57

rst:0xc (SW_CPU_RESET),boot:0x13 (SPI_FAST_FLASH_BOOT)
configsip: 0, SPIWP:0xee
clk_drv:0x00,q_drv:0x00,d_drv:0x00,cs0_drv:0x00,hd_drv:0x00,wp_drv:0x00
mode:DIO, clock div:2
load:0x3fff0030,len:6364
ho 0 tail 12 room 4
load:0x40078000,len:15880
ho 0 tail 12 room 4
load:0x40080400,len:3860
entry 0x40080638
[0;32mI (30) boot: ESP-IDF v5.5-dev-2715-ga45d713b03-dirty 2nd stage bootloader[0m
[0;32mI (31) boot: compile time Apr 17 2025 09:17:48[0m
[0;32mI (31) boot: Multicore bootloader[0m
[0;32mI (34) boot: chip revision: v1.1[0m
[0;32mI (37) boot.esp32: SPI Speed      : 40MHz[0m
[0;32mI (41) boot.esp32: SPI Mode       : DIO[0m
[0;32mI (44) boot.esp32: SPI Flash Size : 2MB[0m
[0;32mI (48) boot: Enabling RNG early entropy source...[0m
[0;32mI (52) boot: Partition Table:[0m
[0;32mI (55) boot: ## Label            Usage          Type ST Offset   Length[0m
[0;32mI (61) boot:  0 nvs              WiFi data        01 02 00009000 00006000[0m
[0;32mI (68) boot:  1 phy_init         RF data          01 01 0000f000 00001000[0m
[0;32mI (74) boot:  2 factory          factory app      00 00 00010000 00100000[0m
[0;32mI (81) boot: End of partition table[0m
[0;32mI (84) esp_image: segment 0: paddr=00010020 vaddr=3f400020 size=09850h ( 38992) map[0m
[0;32mI (105) esp_image: segment 1: paddr=00019878 vaddr=3ff80000 size=0001ch (    28) load[0m
[0;32mI (105) esp_image: segment 2: paddr=0001989c vaddr=3ffb0000 size=02398h (  9112) load[0m
[0;32mI (112) esp_image: segment 3: paddr=0001bc3c vaddr=40080000 size=043dch ( 17372) load[0m
[0;32mI (123) esp_image: segment 4: paddr=00020020 vaddr=400d0020 size=13528h ( 79144) map[0m
[0;32mI (151) esp_image: segment 5: paddr=00033550 vaddr=400843dc size=08934h ( 35124) load[0m
[0;32mI (165) esp_image: segment 6: paddr=0003be8c vaddr=50000000 size=000a4h (   164) load[0m
[0;32mI (172) boot: Loaded app from partition at offset 0x10000[0m
[0;32mI (172) boot: Disabling RNG early entropy source...[0m
[0;32mI (183) cpu_start: Multicore app[0m
[0;32mI (192) cpu_start: Pro cpu start user code[0m
[0;32mI (192) cpu_start: cpu freq: 160000000 Hz[0m
[0;32mI (192) app_init: Application information:[0m
[0;32mI (192) app_init: Project name:     Ejercicio_4[0m
[0;32mI (196) app_init: App version:      1[0m
[0;32mI (199) app_init: Compile time:     Apr 17 2025 09:17:19[0m
[0;32mI (204) app_init: ELF file SHA256:  a7e03c035...[0m
[0;32mI (209) app_init: ESP-IDF:          v5.5-dev-2715-ga45d713b03-dirty[0m
[0;32mI (215) efuse_init: Min chip rev:     v0.0[0m
[0;32mI (218) efuse_init: Max chip rev:     v3.99 [0m
[0;32mI (222) efuse_init: Chip rev:         v1.1[0m
[0;32mI (227) heap_init: Initializing. RAM available for dynamic allocation:[0m
[0;32mI (233) heap_init: At 3FFAE6E0 len 00001920 (6 KiB): DRAM[0m
[0;32mI (238) heap_init: At 3FFB2C70 len 0002D390 (180 KiB): DRAM[0m
[0;32mI (243) heap_init: At 3FFE0440 len 00003AE0 (14 KiB): D/IRAM[0m
[0;32mI (248) heap_init: At 3FFE4350 len 0001BCB0 (111 KiB): D/IRAM[0m
[0;32mI (254) heap_init: At 4008CD10 len 000132F0 (76 KiB): IRAM[0m
[0;32mI (261) spi_flash: detected chip: generic[0m
[0;32mI (263) spi_flash: flash io: dio[0m
[0;33mW (266) spi_flash: Detected size(4096k) larger than the size in the binary image header(2048k). Using the size in the binary image header.[0m
[0;32mI (279) main_task: Started on CPU0[0m
[0;32mI (289) main_task: Calling app_main()[0m
Guru Meditation Error: Core  0 panic'ed (StoreProhibited). Exception was unhandled.

Core  0 register dump:
PC      : 0x400d6bdf  PS      : 0x00060130  A0      : 0x800e2eb0  A1      : 0x3ffb3f40  
A2      : 0x00000003  A3      : 0x3f402340  A4      : 0x3f4023b4  A5      : 0x00000121  
A6      : 0x3f402340  A7      : 0x3ffb3f60  A8      : 0x00000001  A9      : 0x00000000  
A10     : 0x00000000  A11     : 0x00000400  A12     : 0x3ffb3f20  A13     : 0x0000000c  
A14     : 0x00000000  A15     : 0x00000050  SAR     : 0x0000001f  EXCCAUSE: 0x0000001d  
EXCVADDR: 0x00000000  LBEG    : 0x400014fd  LEND    : 0x4000150d  LCOUNT  : 0xfffffffd  


Backtrace: 0x400d6bdc:0x3ffb3f40 0x400e2ead:0x3ffb3f60 0x40085bb1:0x3ffb3f90




ELF file SHA256: a7e03c035

Rebooting...
ets Jun  8 2016 00:22:57

rst:0xc (SW_CPU_RESET),boot:0x13 (SPI_FAST_FLASH_BOOT)
configsip: 0, SPIWP:0xee
clk_drv:0x00,q_drv:0x00,d_drv:0x00,cs0_drv:0x00,hd_drv:0x00,wp_drv:0x00
mode:DIO, clock div:2
load:0x3fff0030,len:6364
ho 0 tail 12 room 4
load:0x40078000,len:15880
ho 0 tail 12 room 4
load:0x40080400,len:3860
entry 0x40080638
[0;32mI (30) boot: ESP-IDF v5.5-dev-2715-ga45d713b03-dirty 2nd stage bootloader[0m
[0;32mI (31) boot: compile time Apr 17 2025 09:17:48[0m
[0;32mI (31) boot: Multicore bootloader[0m
[0;32mI (34) boot: chip revision: v1.1[0m
[0;32mI (37) boot.esp32: SPI Speed      : 40MHz[0m
[0;32mI (41) boot.esp32: SPI Mode       : DIO[0m
[0;32mI (44) boot.esp32: SPI Flash Size : 2MB[0m
[0;32mI (48) boot: Enabling RNG early entropy source...[0m
[0;32mI (52) boot: Partition Table:[0m
[0;32mI (55) boot: ## Label            Usage          Type ST Offset   Length[0m
[0;32mI (61) boot:  0 nvs              WiFi data        01 02 00009000 00006000[0m
[0;32mI (68) boot:  1 phy_init         RF data          01 01 0000f000 00001000[0m
[0;32mI (74) boot:  2 factory          factory app      00 00 00010000 00100000[0m
[0;32mI (81) boot: End of partition table[0m
[0;32mI (84) esp_image: segment 0: paddr=00010020 vaddr=3f400020 size=09850h ( 38992) map[0m
[0;32mI (105) esp_image: segment 1: paddr=00019878 vaddr=3ff80000 size=0001ch (    28) load[0m
[0;32mI (105) esp_image: segment 2: paddr=0001989c vaddr=3ffb0000 size=02398h (  9112) load[0m
[0;32mI (112) esp_image: segment 3: paddr=0001bc3c vaddr=40080000 size=043dch ( 17372) load[0m
[0;32mI (123) esp_image: segment 4: paddr=00020020 vaddr=400d0020 size=13528h ( 79144) map[0m
[0;32mI (151) esp_image: segment 5: paddr=00033550 vaddr=400843dc size=08934h ( 35124) load[0m
[0;32mI (165) esp_image: segment 6: pa0000[0m
[0;32mI (172) boot: Disabling RNG early entropy source...[0m
[0;32mI (183) cpu_start: Multicore app[0m
[0;32mI (192) cpu_start: Pro cpu start user code[0m
[0;32mI (192) cpu_start: cpu freq: 160000000 Hz[0m
[0;32mI (192) app_init: Application information:[0m
[0;32mI (192) app_init: Project name:     Ejercicio_4[0m
[0;32mI (196) app_init: App version:      1[0m
[0;32mI (199) app_init: Compile time:     Apr 17 2025 09:17:19[0m
[0;32mI (204) app_init: ELF file SHA256:  a7e03c035...[0m
[0;32mI (209) app_init: ESP-IDF:          v5.5-dev-2715-ga45d713b03-dirty[0m
[0;32mI (215) efuse_init: Min chip rev:     v0.0[0m
[0;32mI (218) efuse_init: Max chip rev:     v3.99 [0m
[0;32mI (222) efuse_init: Chip rev:         v1.1[0m
[0;32mI (227) heap_init: Initializing. RAM available for dynamic allocation:[0m
[0;32mI (233) heap_init: At 3FFAE6E0 len 00001920 (6 KiB): DRAM[0m
[0;32mI (238) heap_init: At 3FFB2C70 len 0002D390 (180 KiB): DRAM[0m
[0;32mI (243) heap_init: At 3FFE0440 len 00003AE0 (14 KiB): D/IRAM[0m
[0;32mI (248) heap_init: At 3FFE4350 len 0001BCB0 (111 KiB): D/IRAM[0m
[0;32mI (254) heap_init: At 4008CD10 len 000132F0 (76 KiB): IRAM[0m
[0;32mI (261) spi_flash: detected chip: generic[0m
[0;32mI (263) spi_flash: flash io: dio[0m
[0;33mW (266) spi_flash: Detected size(4096k) larger than the size in the binary image header(2048k). Using the size in the binary image header.[0m
[0;32mI (279) main_task: Started on CPU0[0m
[0;32mI (289) main_task: Calling app_main()[0m
Guru Meditation Error: Core  0 panic'ed (StoreProhibited). Exception was unhandled.

Core  0 register dump:
PC      : 0x400d6bdf  PS      : 0x00060130  A0      : 0x800e2eb0  A1      : 0x3ffb3f40  
A2      : 0x00000003  A3      : 0x3f402340  A4      : 0x3f4023b4  A5      : 0x00000121  
A6      : 0x3f402340  A7      : 0x3ffb3f60  A8      : 0x00000001  A9      : 0x00000000  
A10     : 0x00000000  A11     : 0x00000400  A12     : 0x3ffb3f20  A13     : 0x0000000c  
A14     : 0x00000000  A15     : 0x00000050  SAR     : 0x0000001f  EXCCAUSE: 0x0000001d  
EXCVADDR: 0x00000000  LBEG    : 0x400014fd  LEND    : 0x4000150d  LCOUNT  : 0xfffffffd  


Backtrace: 0x400d6bdc:0x3ffb3f40 0x400e2ead:0x3ffb3f60 0x40085bb1:0x3ffb3f90




ELF file SHA256: a7e03c035

Rebooting...
ets Jun  8 2016 00:22:57

rst:0xc (SW_CPU_RESET),boot:0x13 (SPI_FAST_FLASH_BOOT)
configsip: 0, SPIWP:0xee
clk_drv:0x00,q_drv:0x00,d_drv:0x00,cs0_drv:0x00,hd_drv:0x00,wp_drv:0x00
mode:DIO, clock div:2
load:0x3fff0030,len:6364
ho 0 tail 12 room 4
load:0x40078000,len:15880
ho 0 tail 12 room 4
load:0x40080400,len:3860
entry 0x40080638
[0;32mI (30) boot: ESP-IDF v5.5-dev-2715-ga45d713b03-dirty 2nd stage bootloader[0m
[0;32mI (31) boot: compile time Apr 17 2025 09:17:48[0m
[0;32mI (31) boot: Multicore bootloader[0m
[0;32mI (34) boot: chip revision: v1.1[0m
[0;32mI (37) boot.esp32: SPI Speed      : 40MHz[0m
[0;32mI (41) boot.esp32: SPI Mode       : DIO[0m
[0;32mI (44) boot.esp32: SPI Flash Size : 2MB[0m
[0;32mI (48) boot: Enabling RNG early entropy source...[0m
[0;32mI (52) boot: Partition Table:[0m
[0;32mI (55) boot: ## Label            Usage          Type ST Offset   Length[0m
[0;32mI (61) boot:  0 nvs              WiFi data        01 02 00009000 00006000[0m
[0;32mI (68) boot:  1 phy_init         RF data          01 01 0000f000 00001000[0m
[0;32mI (74) boot:  2 factory          factory app      00 00 00010000 00100000[0m
[0;32mI (81) boot: End of partition table[0m
[0;32mI (84) esp_image: segment 0: paddr=00010020 vaddr=3f400020 size=09850h ( 38992) map[0m
[0;32mI (105) esp_image: segment 1: paddr=00019878 vaddr=3ff80000 size=0001ch (    28) load[0m
[0;32mI (105) esp_image: segment 2: paddr=0001989c vaddr=3ffb0000 size=02398h (  9112) load[0m
[0;32mI (112) esp_image: segment 3: paddr=0001bc3c vaddr=40080000 size=043dch ( 17372) load[0m
[0;32mI (123) esp_image: segment 4: paddr=00020020 vaddr=400d0020 size=13528h ( 79144) map[0m
[0;32mI (151) esp_image: segment 5: paddr=00033550 vaddr=400843dc size=08934h ( 35124) load[0m
[0;32mI (165) esp_image: segment 6: paddr=0003be8c vaddr=50000000 size=000a4h (   164) load[0m
[0;32mI (172) boot: Loaded app from partition at offset 0x10000[0m
[0;32mI (172) boot: Disabling RNG early entropy source...[0m
[0;32mI (183) cpu_start: Multicore app[0m
[0;32mI (192) cpu_start: Pro cpu start user code[0m
[0;32mI (192) cpu_start: cpu freq: 160000000 Hz[0m
[0;32mI (192) app_init: Application information:[0m
[0;32mI (192) app_init: Project name:     Ejercicio_4[0m
[0;32mI (196) app_init: App version:      1[0m
[0;32mI (199) app_init: Compile time:     Apr 17 2025 09:17:19[0m
[0;32mI (204) app_init: ELF file SHA256:  a7e03c035...[0m
[0;32mI (209) app_init: ESP-IDF:          v5.5-dev-2715-ga45d713b03-dirty[0m
[0;32mI (215) efuse_init: Min chip rev:     v0.0[0m
[0;32mI (218) efuse_init: Max chip rev:     v3.99 [0m
[0;32mI (222) efuse_init: Chip rev:         v1.1[0m
[0;32mI (227) heap_init: Initializing. RAM available for dynamic allocation:[0m
[0;32mI (233) heap_init: At 3FFAE6E0 len 00001920 (6 KiB): DRAM[0m
[0;32mI (238) heap_init: At 3FFB2C70 len 0002D390 (180 KiB): DRAM[0m
[0;32mI (243) heap_init: At 3FFE0440 len 00003AE0 (14 KiB): D/IRAM[0m
[0;32mI (248) heap_init: At 3FFE4350 len 0001BCB0 (111 KiB): D/IRAM[0m
[0;32mI (254) heap_init: At 4008CD10 len 000132F0 (76 KiB): IRAM[0m
[0;32mI (261) spi_flash: detected chip: generic[0m
[0;32mI (263) spi_flash: flash io: dio[0m
[0;33mW (266) spi_flash: Detected size(4096k) larger than the size in the binary image header(2048k). Using the size in the binary image header.[0m
[0;32mI (279) main_task: Started on CPU0[0m
[0;32mI (289) main_task: Calling app_main()[0m
Guru Meditation Error: Core  0 panic'ed (StoreProhibited). Exception was unhandled.

Core  0 register dump:
PC      : 0x400d6bdf  PS      : 0x00060130  A0      : 0x800e2eb0  A1      : 0x3ffb3f40  
A2      : 0x00000003  A3      : 0x3f402340  A4      : 0x3f4023b4  A5      : 0x00000121  
A6      : 0x3f402340  A7      : 0x3ffb3f60  A8      : 0x00000001  A9      : 0x00000000  
A10     : 0x00000000  A11     : 0x00000400  A12     : 0x3ffb3f20  A13     : 0x0000000c  
A14     : 0x00000000  A15     : 0x00000050  SAR     : 0x0000001f  EXCCAUSE: 0x0000001d  
EXCVADDR: 0x00000000  LBEG    : 0x400014fd  LEND    : 0x4000150d  LCOUNT  : 0xfffffffd  


Backtrace: 0x400d6bdc:0x3ffb3f40 0x400e2ead:0x3ffb3f60 0x40085bb1:0x3ffb3f90




ELF file SHA256: a7e03c035

Rebooting...
ets Jun  8 2016 00:22:57

rst:0xc (SW_CPU_RESET),boot:0x13 (SPI_FAST_FLASH_BOOT)
configsip: 0, SPIWP:0xee
clk_drv:0x00,q_drv:0x00,d_drv:0x00,cs0_drv:0x00,hd_drv:0x00,wp_drv:0x00
mode:DIO, clock div:2
load:0x3fff0030,len:6364
ho 0 tail 12 room 4
load:0x40078000,len:15880
ho 0 tail 12 room 4
load:0x40080400,len
:3860
entry 0x40080638
[0;32mI (30) boot: ESP-IDF v5.5-dev-2715-ga45d713b03-dirty 2nd stage bootloader[0m
[0;32mI (31) boot: compile time Apr 17 2025 09:17:48[0m
[0;32mI (31) boot: Multicore bootloader[0m
[0;32mI (34) boot: chip revision: v1.1[0m
[0;32mI (37) boot.esp32: SPI Speed      : 40MHz[0m
[0;32mI (41) boot.esp32: SPI Mode       : DIO[0m
[0;32mI (44) boot.esp32: SPI Flash Size : 2MB[0m
[0;32mI (48) boot: Enabling RNG early entropy source...[0m
[0;32mI (52) boot: Partition Table:[0m
[0;32mI (55) boot: ## Label            Usage          Type ST Offset   Length[0m
[0;32mI (61) boot:  0 nvs              WiFi data        01 02 00009000 00006000[0m
[0;32mI (68) boot:  1 phy_init         RF data          01 01 0000f000 00001000[0m
[0;32mI (74) boot:  2 factory          factory app      00 00 00010000 00100000[0m
[0;32mI (81) boot: End of partition table[0m
[0;32mI (84) esp_image: segment 0: paddr=00010020 vaddr=3f400020 size=09850h ( 38992) map[0m
[0;32mI (105) esp_image: segment 1: paddr=00019878 vaddr=3ff80000 size=0001ch (    28) load[0m
[0;32mI (105) esp_image: segment 2: paddr=0001989c vaddr=3ffb0000 size=02398h (  9112) load[0m
[0;32mI (112) esp_image: segment 3: paddr=0001bc3c vaddr=40080000 size=043dch ( 17372) load[0m
[0;32mI (123) esp_image: segment 4: paddr=00020020 vaddr=400d0020 size=13528h ( 79144) map[0m
[0;32mI (151) esp_image: segment 5: paddr=00033550 vaddr=400843dc size=08934h ( 35124) load[0m
[0;32mI (165) esp_image: segment 6: paddr=0003be8c vaddr=50000000 size=000a4h (   164) load[0m
[0;32mI (172) boot: Loaded app from partition at offset 0x10000[0m
[0;32mI (172) boot: Disabling RNG early entropy source...[0m
[0;32mI (183) cpu_start: Multicore app[0m
[0;32mI (192) cpu_start: Pro cpu start user code[0m
[0;32mI (192) cpu_start: cpu freq: 160000000 Hz[0m
[0;32mI (192) app_init: Application information:[0m
[0;32mI (192) app_init: Project name:     Ejercicio_4[0m
[0;32mI (196) app_init: App version:      1[0m
[0;32mI (199) app_init: Compile time:     Apr 17 2025 09:17:19[0m
[0;32mI (204) app_init: ELF file SHA256:  a7e03c035...[0m
[0;32mI (209) app_init: ESP-IDF:          v5.5-dev-2715-ga45d713b03-dirty[0m
[0;32mI (215) efuse_init: Min chip rev:     v0.0[0m
[0;32mI (218) efuse_init: Max chip rev:     v3.99 [0m
[0;32mI (222) efuse_init: Chip rev:         v1.1[0m
[0;32mI (227) heap_init: Initializing. RAM available for dynamic allocation:[0m
[0;32mI (233) heap_init: At 3FFAE6E0 len 00001920 (6 KiB): DRAM[0m
[0;32mI (238) heap_init: At 3FFB2C70 len 0002D390 (180 KiB): DRAM[0m
[0;32mI (243) heap_init: At 3FFE0440 len 00003AE0 (14 KiB): D/IRAM[0m
[0;32mI (248) heap_init: At 3FFE4350 len 0001BCB0 (111 KiB): D/IRAM[0m
[0;32mI (254) heap_init: At 4008CD10 len 000132F0 (76 KiB): IRAM[0m
[0;32mI (261) spi_flash: detected chip: generic[0m
[0;32mI (263) spi_flash: flash io: dio[0m
[0;33mW (266) spi_flash: Detected size(4096k) larger than the size in the binary image header(2048k). Using the size in the binary image header.[0m
[0;32mI (279) main_task: Started on CPU0[0m
[0;32mI (289) main_task: Calling app_main()[0m
Guru Meditation Error: Core  0 panic'ed (StoreProhibited). Exception was unhandled.

Core  0 register dump:
PC      : 0x400d6bdf  PS      : 0x00060130  A0      : 0x800e2eb0  A1      : 0x3ffb3f40  
A2      : 0x00000003  A3      : 0x3f402340  A4      : 0x3f4023b4  A5      : 0x00000121  
A6      : 0x3f402340  A7      : 0x3ffb3f60  A8      : 0x00000001  A9      : 0x00000000  
A10     : 0x00000000  A11     : 0x00000400  A12     : 0x3ffb3f20  A13     : 0x0000000c  
A14     : 0x00000000  A15     : 0x00000050  SAR     : 0x0000001f  EXCCAUSE: 0x0000001d  
EXCVADDR: 0x00000000  LBEG    : 0x400014fd  LEND    : 0x4000150d  LCOUNT  : 0xfffffffd  


Backtrace: 0x400d6bdc:0x3ffb3f40 0x400e2ead:0x3ffb3f60 0x40085bb1:0x3ffb3f90




ELF file SHA256: a7e03c035

Rebooting...
ets Jun  8 2016 00:22:57

rst:0xc (SW_CPU_RESET),boot:0x13 (SPI_FAST_FLASH_BOOT)
configsip: 0, SPIWP:0xee
clk_drv:0x00,q_drv:0x00,d_drv:0x00,cs0_drv:0x00,hd_drv:0x00,wp_drv:0x00
mode:DIO, clock div:2
load:0x3fff0030,len:6364
ho 0 tail 12 room 4
load:0x40078000,len:15880
ho 0 tail 12 room 4
load:0x40080400,len:3860
entry 0x40080638
[0;32mI (30) boot: ESP-IDF v5.5-dev-2715-ga45d713b03-dirty 2nd stage bootloader[0m
[0;32mI (31) boot: compile time Apr 17 2025 09:17:48[0m
[0;32mI (31) boot: Multicore bootloader[0m
[0;32mI (34) boot: chip revision: v1.1[0m
[0;32mI (37) boot.esp32: SPI Speed      : 40MHz[0m
[0;32mI (41) boot.esp32: SPI Mode       : DIO[0m
[0;32mI (44) boot.esp32: SPI Flash Size : 2MB[0m
[0;32mI (48) boot: Enabling RNG early entropy source...[0m
[0;32mI (52) boot: Partition Table:[0m
[0;32mI (55) boot: ## Label            Usage          Type ST Offset   Length[0m
[0;32mI (61) boot:  0 nvs              WiFi data        01 02 00009000 00006000[0m
[0;32mI (68) boot:  1 phy_init         RF data          01 01 0000f000 00001000[0m
[0;32mI (74) boot:  2 factory          factory app      00 00 00010000 00100000[0m
[0;32mI (81) boot: End of partition table[0m
[0;32mI (84) esp_image: segment 0: paddr=00010020 vaddr=3f400020 size=09850h ( 38992) map[0m
[0;32mI (105) esp_image: segment 1: paddr=00019878 vaddr=3ff80000 size=0001ch (    28) load[0m
[0;32mI (105) esp_image: segment 2: paddr=0001989c vaddr=3ffb0000 size=02398h (  9112) load[0m
[0;32mI (112) esp_image: segment 3: paddr=0001bc3c vaddr=40080000 size=043dch ( 17372) load[0m
[0;32mI (123) esp_image: segment 4: paddr=00020020 vaddr=400d0020 size=13528h ( 79144) map[0m
[0;32mI (151) esp_image: segment 5: paddr=00033550 vaddr=400843dc size=08934h ( 35124) load[0m
[0;32mI (165) esp_image: segment 6: paddr=0003be8c vaddr=50000000 size=000a4h (   164) load[0m
[0;32mI (172) boot: Loaded app from partition at offset 0x10000[0m
[0;32mI (172) boot: Disabling RNG early entropy source...[0m
[0;32mI (183) cpu_start: Multicore app[0m
[0;32mI (192) cpu_start: Pro cpu start user code[0m
[0;32mI (192) cpu_start: cpu freq: 160000000 Hz[0m
[0;32mI (192) app_init: Application information:[0m
[0;32mI (192) app_init: Project name:     Ejercicio_4[0m
[0;32mI (196) app_init: App version:      1[0m
[0;32mI (199) app_init: Compile time:     Apr 17 2025 09:17:19[0m
[0;32mI (204) app_init: ELF file SHA256:  a7e03c035...[0m
[0;32mI (209) app_init: ESP-IDF:          v5.5-dev-2715-ga45d713b03-dirty[0m
[0;32mI (215) efuse_init: Min chip rev:     v0.0[0m
[0;32mI (218) efuse_init: Max chip rev:     v3.99 [0m
[0;32mI (222) efuse_init: Chip rev:         v1.1[0m
[0;32mI (227) heap_init: Initializing. RAM available for dynamic allocation:[0m
[0;32mI (233) heap_init: At 3FFAE6E0 len 00001920 (6 KiB): DRAM[0m
[0;32mI (238) heap_init: At 3FFB2C70 len 0002D390 (180 KiB): DRAM[0m
[0;32mI (243) heap_init: At 3FFE0440 len 00003AE0 (14 KiB): D/IRAM[0m
[0;32mI (248) heap_init: At 3FFE4350 len 0001BCB0 (111 KiB): D/IRAM[0m
[0;32mI (254) heap_init: At 4008CD10 len 000132F0 (76 KiB): IRAM[0m
[0;32mI (261) spi_flash: detected chip: generic[0m
[0;32mI (263) spi_flash: flash io: dio[0m
[0;33mW (266) spi_flash: Detected size(4096k) larger than the size in the binary image header(2048k). Using the size in the binary image header.[0m
[0;32mI (279) main_task: Started on CPU0[0m
[0;32mI (289) main_task: Calling app_main()[0m
Guru Meditation Error: Core  0 panic'ed (StoreProhibited). Exception was unhandled.

Core  0 register dump:
PC      : 0x400d6bdf  PS      : 0x00060130  A0      : 0x800e2eb0  A1      : 0x3ffb3f40  
A2      : 0x00000003  A3      : 0x3f402340  A4      : 0x3f4023b4  A5      : 0x00000121  
A6      : 0x3f402340  A7      : 0x3ffb3f60  A8      : 0x00000001  A9      : 0x00000000  
A10     : 0x00000000  A11     : 0x00000400  A12     : 0x3ffb3f20  A13     : 0x0000000c  
A14     : 0x00000000  A15     : 0x00000050  SAR     : 0x0000001f  EXCCAUSE: 0x0000001d  
EXCVADDR: 0x00000000  LBEG    : 0x400014fd  LEND    : 0x4000150d  LCOUNT  : 0xfffffffd  


Backtrace: 0x400d6bdc:0x3ffb3f40 0x400e2ead:0x3ffb3f60 0x40085bb1:0x3ffb3f90




ELF file SHA256: a7e03c035

Rebooting...
ets Jun  8 2016 00:22:57

rst:0xc (SW_CPU_RESET),boot:0x13 (SPI_FAST_FLASH_BOOT)
configsip: 0, SPIWP:0xee
clk_drv:0x00,q_drv:0x00,d_drv:0x00,cs0_drv:0x00,hd_drv:0x00,wp_drv:0x00
mode:DIO, clock div:2
load:0x3fff0030,len:6364
ho 0 tail 12 room 4
load:0x40078000,len:15880
ho 0 tail 12 room 4
load:0x40080400,len:3860
entry 0x40080638
[0;32mI (30) boot: ESP-IDF v5.5-dev-2715-ga45d713b03-dirty 2nd stage bootloader[0m
[0;32mI (31) boot: compile time Apr 17 2025 09:17:48[0m
[0;32mI (31) boot: Multicore bootloader[0m
[0;32mI (34) boot: chip revision: v1.1[0m
[0;32mI (37) boot.esp32: SPI Speed      : 40MHz[0m
[0;32mI (41) boot.esp32: SPI Mode       : DIO[0m
[0;32mI (44) boot.esp32: SPI Flash Size : 2MB[0m
[0;32mI (48) boot: Enabling RNG early entropy source...[0m
[0;32mI (52) boot: Partition Table:[0m
[0;32mI (55) boot: ## Label            Usage          Type ST Offset   Length[0m
[0;32mI (61) boot:  0 nvs              WiFi data        01 02 00009000 00006000[0m
[0;32mI (68) boot:  1 phy_init         RF data          01 01 0000f000 00001000[0m
[0;32mI (74) boot:  2 factory          factory app      00 00 00010000 00100000[0m
[0;32mI (81) boot: End of partition table[0m
[0;32mI (84) esp_image: segment 0: paddr=00010020 vaddr=3f400020 size=09850h ( 38992) map[0m
[0;32mI (105) esp_image: segment 1: paddr=00019878 vaddr=3ff80000 size=0001ch (    28) load[0m
[0;32mI (105) esp_image: segment 2: paddr=0001989c vaddr=3ffb0000 size=02398h (  9112) load[0m
[0;32mI (112) esp_image: segment 3: paddr=0001bc3c vaddr=40080000 size=043dch ( 17372) load[0m
[0;32mI (123) esp_image: segment 4: paddr=00020020 vaddr=400d0020 size=13528h ( 79144) map[0m
[0;32mI (151) esp_image: segment 5: paddr=00033550 vaddr=400843dc size=08934h ( 35124) load[0m
[0;32mI (165) esp_image: segment 6: paddr=0003be8c vaddr=50000000 size=000a4h (   164) load[0m
[0;32mI (172) boot: Loaded app from partition at offset 0x10000[0m
[0;32mI (172) boot: Disabling RNG early entropy source...[0m
[0;32mI (183) cpu_start: Multicore app[0m
[0;32mI (192) cpu_start: Pro cpu start user code[0m
[0;32mI (192) cpu_start: cpu freq: 160000000 Hz[0m
[0;32mI (192) app_init: Application information:[0m
[0;32mI (192) app_init: Project name:     Ejercicio_4[0m
[0;32mI (196) app_init: App version:      1[0m
[0;32mI (199) app_init: Compile time:     Apr 17 2025 09:17:19[0m
[0;32mI (204) app_init: ELF file SHA256:  a7e03c035...[0m
[0;32mI (209) app_init: ESP-IDF:          v5.5-dev-2715-ga45d713b03-dirty[0m
[0;32mI (215) efuse_init: Min chip rev:     v0.0[0m
[0;32mI (218) efuse_init: Max chip rev:     v3.99 [0m
[0;32mI (222) efuse_init: Chip rev:         v1.1[0m
[0;32mI (227) heap_init: Initializing. RAM available for dynamic allocation:[0m
[0;32mI (233) heap_init: At 3FFAE6E0 len 00001920 (6 KiB): DRAM[0m
[0;32mI (238) heap_init: At 3FFB2C70 len 0002D390 (180 KiB): DRAM[0m
[0;32mI (243) heap_init: At 3FFE0440 len 00003AE0 (14 KiB): D/IRAM[0m
[0;32mI (248) heap_init: At 3FFE4350 len 0001BCB0 (111 KiB): D/IRAM[0m
[0;32mI (254) heap_init: At 4008CD10 len 000132F0 (76 KiB): IRAM[0m
[0;32mI (261) spi_flash: detected chip: generic[0m
[0;32mI (263) spi_flash: flash io: dio[0m
[0;33mW (266) spi_flash: Detected size(4096k) larger than the size in the binary image header(2048k). Using the size in the binary image header.[0m
[0;32mI (279) main_task: Started on CPU0[0m
[0;32mI (289) main_task: Calling app_main()[0m
Guru Meditation Error: Core  0 panic'ed (StoreProhibited). Exception was unhandled.

Core  0 register dump:
PC      : 0x400d6bdf  PS      : 0x00060130  A0      : 0x800e2eb0  A1      : 0x3ffb3f40  
A2      : 0x00000003  A3      : 0x3f402340  A4      : 0x3f4023b4  A5      : 0x00000121  
A6      : 0x3f402340  A7      : 0x3ffb3f60  A8      : 0x00000001  A9      : 0x00000000  
